---
source: rmcp-client/src/oauth_callback_page_tests.rs
expression: html(&response)
---
<!doctype html>
<html lang="en">
<head>
<meta charset="utf-8">
<meta name="viewport" content="width=device-width, initial-scale=1">
<title>Authentication complete · Codex</title>

<style>[shared callback stylesheet]</style>
</head>
<body class="success">
<main class="shell">
<header class="brand"><span class="brand-name">Codex</span><span class="brand-caption">ACCOUNT CONNECTION</span></header>
<section class="card" aria-labelledby="status-title">
<div class="artwork"><span class="codex-mark" aria-hidden="true">&gt;_</span><span class="art-caption">A secure connection.<br>A simpler day.</span></div>
<div class="content">
<span class="status"><span class="status-dot" aria-hidden="true"></span>CONNECTED</span>
<h1 id="status-title">Authentication complete</h1>
<p class="message">Your credentials have been saved. You may close this window.</p>
<div class="next-step"><span class="step-mark" aria-hidden="true">✓</span><p>Return to Codex whenever you are ready.</p></div>
</div>
</section>
<footer><span class="footer-dot" aria-hidden="true"></span>Private by design<span class="footer-divider" aria-hidden="true">·</span>Secure sign-in with Codex</footer>
</main>
</body>
</html>
